00:00 +0: loading C:/Users/Lenovo/Desktop/SWEN302/lab_testing_project/lab_testing_project/test/login_test.dart
00:00 +0: Password less than 8 characters should be invalid
00:00 +1: Password between 8 and 12 characters should be valid
00:00 +2: Password more than 12 characters should be invalid
00:00 +3: All tests passed!
